[imaginaryonesmint.io/index.html]
[backblue.gif]
[fade.gif]
[index.html]
[imaginaryonesmint.io/favicon.png]
[imaginaryonesmint.io/apple-touch-icon.png]
[imaginaryonesmint.io/css/styles.css]
[cdn.jsdelivr.net/npm/toastify-js/src/toastify.min.css]
[cdnjs.cloudflare.com/ajax/libs/jquery/3.6.0/jquery.min.js]
[imaginaryonesmint.io/img/61deb4ace77a6f008791bdb3_Twitter.svg]
[imaginaryonesmint.io/img/61deb4ace4096b087253acf1_IG.svg]
[imaginaryonesmint.io/img/61deb4aca88d886d3bdbe1fa_Discord.svg]
[imaginaryonesmint.io/img/61dee9c4de303fb396df7c71_OS.svg]
[imaginaryonesmint.io/img/61f4887d28293a861dd0c0e5_Website Banner (00041) 1 (0-00-00-00).png]
[imaginaryonesmint.io/img/61de98c35a7bb673b5956c8c_WalksHD2-transcode.mp4]
[imaginaryonesmint.io/img/61de98c35a7bb673b5956c8c_WalksHD2-transcode.webm]
[imaginaryonesmint.io/img/61f10d65be9fd47b6423e99f_WalkTgt-transcode.mp4]
[imaginaryonesmint.io/img/61f10d65be9fd47b6423e99f_WalkTgt-transcode.webm]
[imaginaryonesmint.io/img/61f108edc32e1d6470485d7b_1 (2).gif]
[imaginaryonesmint.io/img/61f104e6c32e1dbe2a484f2e_2.gif]
[imaginaryonesmint.io/img/61f1074797255114c317b6ea_3.gif]
[imaginaryonesmint.io/img/61deb452389b4e7e55bb47c4_Cmt-Profile.gif]
[imaginaryonesmint.io/img/61deb462d03dca701526e1c2_David-Profile.gif]
[imaginaryonesmint.io/img/61f0d3c8168a0cf967b4f8b1_Greg-Profile-2.gif]
[imaginaryonesmint.io/img/61f0d3c78b1df71081af98e1_Caleb-Profile.gif]
[imaginaryonesmint.io/img/61f0d3c8ccb99e4811773980_Jerome-Profile.gif]
[imaginaryonesmint.io/img/61f11140f52ee064ce6490c9_61deb4ace77a6f008791bdb3_Twitterw.svg]
[imaginaryonesmint.io/img/61f11140890ad9fbefb3ed0a_61deb4ace4096b087253acf1_IGw.svg]
[imaginaryonesmint.io/img/61f1114094ace3452772d676_61deb4aca88d886d3bdbe1fa_Discordw.svg]
[imaginaryonesmint.io/img/61f1114026c86c2237995e16_61dee9c4de303fb396df7c71_OSw.svg]
[cdn.jsdelivr.net/gh/ethereum/web3.js/dist/web3.min.js]
[imaginaryonesmint.io/js/index.js]
[imaginaryonesmint.io/index.html]
[imaginaryonesmint.io/css/styles.css]
[cdn.jsdelivr.net/npm/toastify-js/src/toastify.min.css]
[imaginaryonesmint.io/img/61deb4ace77a6f008791bdb3_Twitter.svg]
[imaginaryonesmint.io/img/61deb4ace4096b087253acf1_IG.svg]
[imaginaryonesmint.io/img/61deb4aca88d886d3bdbe1fa_Discord.svg]
[imaginaryonesmint.io/img/61dee9c4de303fb396df7c71_OS.svg]
[imaginaryonesmint.io/img/61f11140f52ee064ce6490c9_61deb4ace77a6f008791bdb3_Twitterw.svg]
[imaginaryonesmint.io/img/61f11140890ad9fbefb3ed0a_61deb4ace4096b087253acf1_IGw.svg]
[imaginaryonesmint.io/img/61f1114094ace3452772d676_61deb4aca88d886d3bdbe1fa_Discordw.svg]
[imaginaryonesmint.io/img/61f1114026c86c2237995e16_61dee9c4de303fb396df7c71_OSw.svg]
